[www.ansonika.com/satisfyc/index.html]
[backblue.gif]
[fade.gif]
[index.html]
[www.ansonika.com/satisfyc/img/favicon.ico]
[www.ansonika.com/satisfyc/img/apple-touch-icon-57x57-precomposed.png]
[www.ansonika.com/satisfyc/img/apple-touch-icon-72x72-precomposed.png]
[www.ansonika.com/satisfyc/img/apple-touch-icon-114x114-precomposed.png]
[www.ansonika.com/satisfyc/img/apple-touch-icon-144x144-precomposed.png]
[www.ansonika.com/satisfyc/css/bootstrap.min.css]
[www.ansonika.com/satisfyc/css/style.css]
[www.ansonika.com/satisfyc/css/vendors.css]
[www.ansonika.com/satisfyc/css/custom.css]
[www.ansonika.com/satisfyc/img/logo.svg]
[www.ansonika.com/satisfyc/img/main_icon_1.svg]
[www.ansonika.com/satisfyc/index-2.html]
[www.ansonika.com/satisfyc/index-3.html]
[www.ansonika.com/satisfyc/js/jquery-3.7.1.min.js]
[www.ansonika.com/satisfyc/js/common_scripts.min.js]
[www.ansonika.com/satisfyc/js/functions.js]
[www.ansonika.com/satisfyc/index.html]
[www.ansonika.com/satisfyc/css/bootstrap.min.css]
[www.ansonika.com/satisfyc/js/survey_func.js]
[www.ansonika.com/satisfyc/css/style.css]
[www.ansonika.com/satisfyc/img/pattern_3.svg]
[www.ansonika.com/satisfyc/css/bs-icon-font/bootstrap-icons.min.css]
[www.ansonika.com/satisfyc/css/icon_fonts/font/fontello4508.eot]
[www.ansonika.com/satisfyc/css/icon_fonts/font/fontello4508.woff]
[www.ansonika.com/satisfyc/css/icon_fonts/font/fontello4508.ttf]
[www.ansonika.com/satisfyc/css/icon_fonts/font/Pe-icon-7-strokebb1d.eot]
[www.ansonika.com/satisfyc/css/icon_fonts/font/Pe-icon-7-stroked41d.eot]
[www.ansonika.com/satisfyc/css/icon_fonts/font/fontello4508.svg]
[www.ansonika.com/satisfyc/css/icon_fonts/font/Pe-icon-7-strokebb1d.woff]
[www.ansonika.com/satisfyc/css/icon_fonts/font/Pe-icon-7-strokebb1d.ttf]
[www.ansonika.com/satisfyc/css/icon_fonts/font/ElegantIcons.eot]
[www.ansonika.com/satisfyc/css/icon_fonts/font/Pe-icon-7-strokebb1d.svg]
[www.ansonika.com/satisfyc/css/icon_fonts/font/ElegantIconsd41d.eot]
[www.ansonika.com/satisfyc/css/icon_fonts/font/ElegantIcons.woff]
[www.ansonika.com/satisfyc/css/icon_fonts/font/ElegantIcons.ttf]
[www.ansonika.com/satisfyc/css/icon_fonts/font/themify9f24.eot]
[www.ansonika.com/satisfyc/css/icon_fonts/font/ElegantIcons.svg]
[www.ansonika.com/satisfyc/css/icon_fonts/font/themifyd41d.eot]
[www.ansonika.com/satisfyc/css/icon_fonts/font/themify9f24.woff]
[www.ansonika.com/satisfyc/css/icon_fonts/font/themify9f24.ttf]
[www.ansonika.com/satisfyc/css/icon_fonts/font/Glyphter.eot]
[www.ansonika.com/satisfyc/css/icon_fonts/font/themify9f24.svg]
[www.ansonika.com/satisfyc/css/icon_fonts/font/Glyphterd41d.eot]
[www.ansonika.com/satisfyc/css/icon_fonts/font/Glyphter.woff]
[www.ansonika.com/satisfyc/css/icon_fonts/font/Glyphter.ttf]
[www.ansonika.com/satisfyc/css/icon_fonts/font/Glyphter.svg]
[www.ansonika.com/satisfyc/css/icon_fonts/font/smiles.eot]
[www.ansonika.com/satisfyc/css/icon_fonts/font/smilesd41d.eot]
[www.ansonika.com/satisfyc/css/icon_fonts/font/smiles.woff]
[www.ansonika.com/satisfyc/css/icon_fonts/font/smiles.ttf]
[www.ansonika.com/satisfyc/css/vendors.css]
[www.ansonika.com/satisfyc/css/custom.css]
[www.ansonika.com/satisfyc/img/logo.svg]
[www.ansonika.com/satisfyc/img/main_icon_1.svg]
[www.ansonika.com/satisfyc/index-2.html]
[www.ansonika.com/satisfyc/index-3.html]
[www.ansonika.com/satisfyc/img/pattern_3.svg]
[www.ansonika.com/satisfyc/css/icon_fonts/font/smiles.svg]
[www.ansonika.com/satisfyc/css/bs-icon-font/fonts/bootstrap-icons0107.woff2]
[www.ansonika.com/satisfyc/css/bs-icon-font/fonts/bootstrap-icons0107.woff]
[www.ansonika.com/satisfyc/css/bs-icon-font/bootstrap-icons.min.css]
[www.ansonika.com/satisfyc/css/icon_fonts/font/fontello4508.svg]
[www.ansonika.com/satisfyc/css/icon_fonts/font/Pe-icon-7-strokebb1d.svg]
[www.ansonika.com/satisfyc/css/icon_fonts/font/ElegantIcons.svg]
[www.ansonika.com/satisfyc/css/icon_fonts/font/themify9f24.svg]
[www.ansonika.com/satisfyc/css/icon_fonts/font/Glyphter.svg]
[www.ansonika.com/satisfyc/css/icon_fonts/font/smiles.svg]
